// Jest Snapshot v1, https://goo.gl/fbAQLP

exports[`TheDate Component renders the UI as expected 1`] = `
<div>
  <h1>
    5/17/2020, 10:49:33 AM
  </h1>
</div>
`;
